[debug] [2026-09-09T01:36:25.739Z] ----------------------------------------------------------------------
[debug] [2026-09-09T01:36:25.740Z] Command:       /Users/adam/.local/node/bin/node /Users/adam/.local/node/bin/firebase deploy --only functions:processVideo
[debug] [2026-09-09T01:36:25.740Z] CLI Version:   15.28.2
[debug] [2026-09-09T01:36:25.740Z] Platform:      darwin
[debug] [2026-09-09T01:36:25.740Z] Node Version:  v22.23.2
[debug] [2026-09-09T01:36:25.740Z] Detected Agent: antigravity
[debug] [2026-09-09T01:36:25.740Z] Time:          Tue Sep 08 2026 20:36:25 GMT-0500 (Central Daylight Time)
[debug] [2026-09-09T01:36:25.741Z] ----------------------------------------------------------------------
[debug] 
[debug] [2026-09-09T01:36:25.745Z] >>> [apiv2][query] GET https://firebase-public.firebaseio.com/cli.json [none]
[debug] [2026-09-09T01:36:26.359Z] > command requires scopes: ["email","openid","https://www.googleapis.com/auth/cloudplatformprojects.readonly","https://www.googleapis.com/auth/firebase","https://www.googleapis.com/auth/cloud-platform"]
[debug] [2026-09-09T01:36:26.359Z] > authorizing via signed-in user (peterson.adam.charles@gmail.com)
[debug] [2026-09-09T01:36:26.359Z] [iam] checking project page-reader-prod for permissions ["cloudfunctions.functions.create","cloudfunctions.functions.delete","cloudfunctions.functions.get","cloudfunctions.functions.list","cloudfunctions.functions.update","cloudfunctions.operations.get","firebase.projects.get"]
[debug] [2026-09-09T01:36:26.359Z] Checked if tokens are valid: false, expires at: 1788378988281
[debug] [2026-09-09T01:36:26.359Z] Checked if tokens are valid: false, expires at: 1788378988281
[debug] [2026-09-09T01:36:26.359Z] > refreshing access token with scopes: []
[debug] [2026-09-09T01:36:26.360Z] >>> [apiv2][query] POST https://www.googleapis.com/oauth2/v3/token [none]
[debug] [2026-09-09T01:36:26.360Z] >>> [apiv2][body] POST https://www.googleapis.com/oauth2/v3/token [omitted]
[debug] [2026-09-09T01:36:26.495Z] <<< [apiv2][status] POST https://www.googleapis.com/oauth2/v3/token 200
[debug] [2026-09-09T01:36:26.495Z] <<< [apiv2][body] POST https://www.googleapis.com/oauth2/v3/token [omitted]
[debug] [2026-09-09T01:36:26.503Z] >>> [apiv2][query] POST https://cloudresourcemanager.googleapis.com/v1/projects/page-reader-prod:testIamPermissions [none]
[debug] [2026-09-09T01:36:26.503Z] >>> [apiv2][(partial)header] POST https://cloudresourcemanager.googleapis.com/v1/projects/page-reader-prod:testIamPermissions  x-goog-user-project=page-reader-prod
[debug] [2026-09-09T01:36:26.503Z] >>> [apiv2][body] POST https://cloudresourcemanager.googleapis.com/v1/projects/page-reader-prod:testIamPermissions {"permissions":["cloudfunctions.functions.create","cloudfunctions.functions.delete","cloudfunctions.functions.get","cloudfunctions.functions.list","cloudfunctions.functions.update","cloudfunctions.operations.get","firebase.projects.get"]}
[debug] [2026-09-09T01:36:26.563Z] <<< [apiv2][status] GET https://firebase-public.firebaseio.com/cli.json 200
[debug] [2026-09-09T01:36:26.563Z] <<< [apiv2][body] GET https://firebase-public.firebaseio.com/cli.json {"cloudBuildErrorAfter":1594252800000,"cloudBuildWarnAfter":1590019200000,"defaultNode10After":1594252800000,"minVersion":"3.0.5","node8DeploysDisabledAfter":1613390400000,"node8RuntimeDisabledAfter":1615809600000,"node8WarnAfter":1600128000000}
[debug] [2026-09-09T01:36:26.769Z] <<< [apiv2][status] POST https://cloudresourcemanager.googleapis.com/v1/projects/page-reader-prod:testIamPermissions 200
[debug] [2026-09-09T01:36:26.769Z] <<< [apiv2][body] POST https://cloudresourcemanager.googleapis.com/v1/projects/page-reader-prod:testIamPermissions {"permissions":["cloudfunctions.functions.create","cloudfunctions.functions.delete","cloudfunctions.functions.get","cloudfunctions.functions.list","cloudfunctions.functions.update","cloudfunctions.operations.get","firebase.projects.get"]}
[debug] [2026-09-09T01:36:26.769Z] Checked if tokens are valid: true, expires at: 1788921385496
[debug] [2026-09-09T01:36:26.770Z] Checked if tokens are valid: true, expires at: 1788921385496
[debug] [2026-09-09T01:36:26.770Z] >>> [apiv2][query] POST https://iam.googleapis.com/v1/projects/page-reader-prod/serviceAccounts/page-reader-prod@appspot.gserviceaccount.com:testIamPermissions [none]
[debug] [2026-09-09T01:36:26.770Z] >>> [apiv2][body] POST https://iam.googleapis.com/v1/projects/page-reader-prod/serviceAccounts/page-reader-prod@appspot.gserviceaccount.com:testIamPermissions {"permissions":["iam.serviceAccounts.actAs"]}
[debug] [2026-09-09T01:36:26.990Z] <<< [apiv2][status] POST https://iam.googleapis.com/v1/projects/page-reader-prod/serviceAccounts/page-reader-prod@appspot.gserviceaccount.com:testIamPermissions 200
[debug] [2026-09-09T01:36:26.991Z] <<< [apiv2][body] POST https://iam.googleapis.com/v1/projects/page-reader-prod/serviceAccounts/page-reader-prod@appspot.gserviceaccount.com:testIamPermissions {"permissions":["iam.serviceAccounts.actAs"]}
[info] 
[info] === Deploying to 'page-reader-prod'...
[info] 
[info] i  deploying functions 
[info] Running command: npm --prefix "$RESOURCE_DIR" run build
[info] ✔  functions: Finished running predeploy script. 
[debug] [2026-09-09T01:36:27.812Z] Checked if tokens are valid: true, expires at: 1788921385496
[debug] [2026-09-09T01:36:27.812Z] Checked if tokens are valid: true, expires at: 1788921385496
[debug] [2026-09-09T01:36:27.812Z] >>> [apiv2][query] GET https://cloudresourcemanager.googleapis.com/v1/projects/page-reader-prod [none]
[debug] [2026-09-09T01:36:27.897Z] <<< [apiv2][status] GET https://cloudresourcemanager.googleapis.com/v1/projects/page-reader-prod 200
[debug] [2026-09-09T01:36:27.897Z] <<< [apiv2][body] GET https://cloudresourcemanager.googleapis.com/v1/projects/page-reader-prod {"projectNumber":"1099382222092","projectId":"page-reader-prod","lifecycleState":"ACTIVE","name":"page-reader-prod","labels":{"firebase":"enabled","firebase-core":"disabled"},"createTime":"2026-08-30T18:25:28.439Z"}
[info] i  functions: preparing codebase default for deployment 
[info] i  functions: ensuring required API cloudfunctions.googleapis.com is enabled... 
[info] i  functions: ensuring required API cloudbuild.googleapis.com is enabled... 
[info] i  artifactregistry: ensuring required API artifactregistry.googleapis.com is enabled... 
[debug] [2026-09-09T01:36:27.898Z] Checked if tokens are valid: true, expires at: 1788921385496
[debug] [2026-09-09T01:36:27.898Z] Checked if tokens are valid: true, expires at: 1788921385496
[debug] [2026-09-09T01:36:27.898Z] >>> [apiv2][query] GET https://firebase.googleapis.com/v1beta1/projects/page-reader-prod/adminSdkConfig [none]
[debug] [2026-09-09T01:36:28.304Z] <<< [apiv2][status] GET https://firebase.googleapis.com/v1beta1/projects/page-reader-prod/adminSdkConfig 200
[debug] [2026-09-09T01:36:28.304Z] <<< [apiv2][body] GET https://firebase.googleapis.com/v1beta1/projects/page-reader-prod/adminSdkConfig {"projectId":"page-reader-prod","storageBucket":"page-reader-prod.firebasestorage.app"}
[debug] [2026-09-09T01:36:28.305Z] Checked if tokens are valid: true, expires at: 1788921385496
[debug] [2026-09-09T01:36:28.306Z] Checked if tokens are valid: true, expires at: 1788921385496
[debug] [2026-09-09T01:36:28.306Z] >>> [apiv2][query] GET https://runtimeconfig.googleapis.com/v1beta1/projects/page-reader-prod/configs [none]
[debug] [2026-09-09T01:36:28.628Z] <<< [apiv2][status] GET https://runtimeconfig.googleapis.com/v1beta1/projects/page-reader-prod/configs 200
[debug] [2026-09-09T01:36:28.629Z] <<< [apiv2][body] GET https://runtimeconfig.googleapis.com/v1beta1/projects/page-reader-prod/configs {}
[debug] [2026-09-09T01:36:28.631Z] Validating nodejs source
[warn] ⚠  functions: Runtime Node.js 20 was deprecated on 2026-04-30 and will be decommissioned on 2026-10-30, after which you will not be able to deploy without upgrading. Consider upgrading now to avoid disruption. See https://cloud.google.com/functions/docs/runtime-support for full details on the lifecycle policy 
[warn] ⚠  functions: package.json indicates an outdated version of firebase-functions. Please upgrade using npm install --save firebase-functions@latest in your functions directory. 
[warn] ⚠  functions: Please note that there will be breaking changes when you upgrade. 
[debug] [2026-09-09T01:36:28.933Z] > [functions] package.json contents: {
  "name": "page-reader-functions",
  "main": "lib/index.js",
  "scripts": {
    "build": "tsc",
    "serve": "npm run build && firebase emulators:start --only functions",
    "shell": "npm run build && firebase functions:shell",
    "start": "npm run shell",
    "deploy": "firebase deploy --only functions"
  },
  "engines": {
    "node": "20"
  },
  "dependencies": {
    "firebase-admin": "^13.0.0",
    "firebase-functions": "^6.3.0",
    "@google/genai": "^1.0.0"
  },
  "devDependencies": {
    "typescript": "~5.7.0",
    "firebase-functions-test": "^3.4.0"
  },
  "private": true
}
[debug] [2026-09-09T01:36:28.933Z] Building nodejs source
[info] i  functions: Loading and analyzing source code for codebase default to determine what to deploy 
[debug] [2026-09-09T01:36:28.934Z] Could not find functions.yaml. Must use http discovery
[debug] [2026-09-09T01:36:28.937Z] Found firebase-functions binary at '/Users/adam/source/page-reader/functions/node_modules/.bin/firebase-functions'
[info] Serving at port 8257

[debug] [2026-09-09T01:36:29.230Z] Got response from /__/functions.yaml {"endpoints":{"processVideo":{"availableMemoryMb":1024,"timeoutSeconds":540,"minInstances":null,"maxInstances":null,"ingressSettings":null,"concurrency":null,"serviceAccountEmail":null,"vpc":null,"platform":"gcfv2","secretEnvironmentVariables":[{"key":"GEMINI_API_KEY"}],"labels":{},"callableTrigger":{},"entryPoint":"processVideo"},"getBookAudio":{"availableMemoryMb":null,"timeoutSeconds":null,"minInstances":null,"maxInstances":null,"ingressSettings":null,"concurrency":null,"serviceAccountEmail":null,"vpc":null,"platform":"gcfv2","secretEnvironmentVariables":[{"key":"GEMINI_API_KEY"}],"labels":{},"callableTrigger":{},"entryPoint":"getBookAudio"},"retryProcessing":{"availableMemoryMb":1024,"timeoutSeconds":540,"minInstances":null,"maxInstances":null,"ingressSettings":null,"concurrency":null,"serviceAccountEmail":null,"vpc":null,"platform":"gcfv2","secretEnvironmentVariables":[{"key":"GEMINI_API_KEY"}],"labels":{},"callableTrigger":{},"entryPoint":"retryProcessing"},"cleanupExpiredAudio":{"availableMemoryMb":null,"timeoutSeconds":null,"minInstances":null,"maxInstances":null,"ingressSettings":null,"concurrency":null,"serviceAccountEmail":null,"vpc":null,"platform":"gcfv2","labels":{},"scheduleTrigger":{"schedule":"every 24 hours","retryConfig":{"retryCount":null,"maxDoublings":null,"maxRetrySeconds":null,"minBackoffSeconds":null,"maxBackoffSeconds":null},"timeZone":null},"entryPoint":"cleanupExpiredAudio"}},"specVersion":"v1alpha1","requiredAPIs":[{"api":"cloudscheduler.googleapis.com","reason":"Needed for scheduled functions."}],"extensions":{},"params":[{"type":"secret","name":"GEMINI_API_KEY"}]}
[debug] [2026-09-09T01:36:32.257Z] Checked if tokens are valid: true, expires at: 1788921385496
[debug] [2026-09-09T01:36:32.257Z] Checked if tokens are valid: true, expires at: 1788921385496
[debug] [2026-09-09T01:36:32.258Z] >>> [apiv2][query] GET https://cloudfunctions.googleapis.com/v1/projects/page-reader-prod/locations/-/functions [none]
[debug] [2026-09-09T01:36:32.865Z] <<< [apiv2][status] GET https://cloudfunctions.googleapis.com/v1/projects/page-reader-prod/locations/-/functions 200
[debug] [2026-09-09T01:36:32.865Z] <<< [apiv2][body] GET https://cloudfunctions.googleapis.com/v1/projects/page-reader-prod/locations/-/functions {}
[debug] [2026-09-09T01:36:32.866Z] Checked if tokens are valid: true, expires at: 1788921385496
[debug] [2026-09-09T01:36:32.866Z] Checked if tokens are valid: true, expires at: 1788921385496
[debug] [2026-09-09T01:36:32.866Z] >>> [apiv2][query] GET https://cloudfunctions.googleapis.com/v2/projects/page-reader-prod/locations/-/functions filter=environment%3D%22GEN_2%22
[debug] [2026-09-09T01:36:33.309Z] <<< [apiv2][status] GET https://cloudfunctions.googleapis.com/v2/projects/page-reader-prod/locations/-/functions 200
[debug] [2026-09-09T01:36:33.310Z] <<< [apiv2][body] GET https://cloudfunctions.googleapis.com/v2/projects/page-reader-prod/locations/-/functions {"functions":[{"name":"projects/page-reader-prod/locations/us-central1/functions/getBookAudio","buildConfig":{"build":"projects/1099382222092/locations/us-central1/builds/aa5f8101-c190-48a5-b1e8-b817a637f634","runtime":"nodejs20","entryPoint":"getBookAudio","source":{"storageSource":{"bucket":"gcf-v2-sources-1099382222092-us-central1","object":"getBookAudio/function-source.zip","generation":"1788206344355086"}},"environmentVariables":{"GOOGLE_NODE_RUN_SCRIPTS":""},"dockerRepository":"projects/page-reader-prod/locations/us-central1/repositories/gcf-artifacts","sourceProvenance":{"resolvedStorageSource":{"bucket":"gcf-v2-sources-1099382222092-us-central1","object":"getBookAudio/function-source.zip","generation":"1788206344355086"}},"dockerRegistry":"ARTIFACT_REGISTRY","serviceAccount":"projects/page-reader-prod/serviceAccounts/1099382222092-compute@developer.gserviceaccount.com","automaticUpdatePolicy":{}},"serviceConfig":{"service":"projects/page-reader-prod/locations/us-central1/services/getbookaudio","timeoutSeconds":60,"environmentVariables":{"FIREBASE_CONFIG":"{\"projectId\":\"page-reader-prod\",\"storageBucket\":\"page-reader-prod.firebasestorage.app\"}","GCLOUD_PROJECT":"page-reader-prod","EVENTARC_CLOUD_EVENT_SOURCE":"projects/page-reader-prod/locations/us-central1/services/getBookAudio","FUNCTION_REGION":"us-central1","FUNCTION_TARGET":"getBookAudio","LOG_EXECUTION_ID":"true"},"ingressSettings":"ALLOW_ALL","uri":"https://getbookaudio-ahsxcscnjq-uc.a.run.app","serviceAccountEmail":"1099382222092-compute@developer.gserviceaccount.com","availableMemory":"256Mi","allTrafficOnLatestRevision":true,"secretEnvironmentVariables":[{"key":"GEMINI_API_KEY","projectId":"page-reader-prod","secret":"GEMINI_API_KEY","version":"2"}],"revision":"getbookaudio-00001-wap","maxInstanceRequestConcurrency":80,"availableCpu":"1"},"state":"ACTIVE","updateTime":"2026-08-31T20:00:32.493797348Z","labels":{"deployment-tool":"cli-firebase","deployment-callable":"true","firebase-functions-hash":"750d30699a2c9adb4e95ceeec2971dc86acd9d50"},"environment":"GEN_2","url":"https://us-central1-page-reader-prod.cloudfunctions.net/getBookAudio","createTime":"2026-08-31T19:59:04.906558314Z","satisfiesPzi":true},{"name":"projects/page-reader-prod/locations/us-central1/functions/retryProcessing","buildConfig":{"build":"projects/1099382222092/locations/us-central1/builds/ca3c6007-bcb3-44f8-b288-9dc381452e14","runtime":"nodejs20","entryPoint":"retryProcessing","source":{"storageSource":{"bucket":"gcf-v2-sources-1099382222092-us-central1","object":"retryProcessing/function-source.zip","generation":"1788206433722540"}},"environmentVariables":{"GOOGLE_NODE_RUN_SCRIPTS":""},"dockerRepository":"projects/page-reader-prod/locations/us-central1/repositories/gcf-artifacts","sourceProvenance":{"resolvedStorageSource":{"bucket":"gcf-v2-sources-1099382222092-us-central1","object":"retryProcessing/function-source.zip","generation":"1788206433722540"}},"dockerRegistry":"ARTIFACT_REGISTRY","serviceAccount":"projects/page-reader-prod/serviceAccounts/1099382222092-compute@developer.gserviceaccount.com","automaticUpdatePolicy":{}},"serviceConfig":{"service":"projects/page-reader-prod/locations/us-central1/services/retryprocessing","timeoutSeconds":540,"environmentVariables":{"FIREBASE_CONFIG":"{\"projectId\":\"page-reader-prod\",\"storageBucket\":\"page-reader-prod.firebasestorage.app\"}","GCLOUD_PROJECT":"page-reader-prod","EVENTARC_CLOUD_EVENT_SOURCE":"projects/page-reader-prod/locations/us-central1/services/retryProcessing","FUNCTION_REGION":"us-central1","FUNCTION_TARGET":"retryProcessing","LOG_EXECUTION_ID":"true","FUNCTION_SIGNATURE_TYPE":"http"},"ingressSettings":"ALLOW_ALL","uri":"https://retryprocessing-ahsxcscnjq-uc.a.run.app","serviceAccountEmail":"1099382222092-compute@developer.gserviceaccount.com","availableMemory":"1024Mi","allTrafficOnLatestRevision":true,"secretEnvironmentVariables":[{"key":"GEMINI_API_KEY","projectId":"page-reader-prod","secret":"GEMINI_API_KEY","version":"2"}],"revision":"retryprocessing-00001-xuk","maxInstanceRequestConcurrency":80,"availableCpu":"1"},"state":"ACTIVE","updateTime":"2026-08-31T20:00:42.491379886Z","labels":{"deployment-callable":"true","firebase-functions-hash":"750d30699a2c9adb4e95ceeec2971dc86acd9d50","deployment-tool":"cli-firebase"},"environment":"GEN_2","url":"https://us-central1-page-reader-prod.cloudfunctions.net/retryProcessing","createTime":"2026-08-31T20:00:33.989566323Z","satisfiesPzi":true},{"name":"projects/page-reader-prod/locations/us-central1/functions/cleanupExpiredAudio","buildConfig":{"build":"projects/1099382222092/locations/us-central1/builds/aa5f8101-c190-48a5-b1e8-b817a637f634","runtime":"nodejs20","entryPoint":"cleanupExpiredAudio","source":{"storageSource":{"bucket":"gcf-v2-sources-1099382222092-us-central1","object":"cleanupExpiredAudio/function-source.zip","generation":"1788206423320627"}},"environmentVariables":{"GOOGLE_NODE_RUN_SCRIPTS":""},"dockerRepository":"projects/page-reader-prod/locations/us-central1/repositories/gcf-artifacts","sourceProvenance":{"resolvedStorageSource":{"bucket":"gcf-v2-sources-1099382222092-us-central1","object":"cleanupExpiredAudio/function-source.zip","generation":"1788206423320627"}},"dockerRegistry":"ARTIFACT_REGISTRY","serviceAccount":"projects/page-reader-prod/serviceAccounts/1099382222092-compute@developer.gserviceaccount.com","automaticUpdatePolicy":{}},"serviceConfig":{"service":"projects/page-reader-prod/locations/us-central1/services/cleanupexpiredaudio","timeoutSeconds":60,"environmentVariables":{"FIREBASE_CONFIG":"{\"projectId\":\"page-reader-prod\",\"storageBucket\":\"page-reader-prod.firebasestorage.app\"}","GCLOUD_PROJECT":"page-reader-prod","EVENTARC_CLOUD_EVENT_SOURCE":"projects/page-reader-prod/locations/us-central1/services/cleanupExpiredAudio","FUNCTION_REGION":"us-central1","FUNCTION_TARGET":"cleanupExpiredAudio","LOG_EXECUTION_ID":"true","FUNCTION_SIGNATURE_TYPE":"http"},"ingressSettings":"ALLOW_ALL","uri":"https://cleanupexpiredaudio-ahsxcscnjq-uc.a.run.app","serviceAccountEmail":"1099382222092-compute@developer.gserviceaccount.com","availableMemory":"256Mi","allTrafficOnLatestRevision":true,"revision":"cleanupexpiredaudio-00001-wuc","maxInstanceRequestConcurrency":80,"availableCpu":"1"},"state":"ACTIVE","updateTime":"2026-08-31T20:00:32.851567060Z","labels":{"deployment-scheduled":"true","firebase-functions-hash":"ddf89c8ae43d154cecb5c7e10cdd71d90f1a4616","deployment-tool":"cli-firebase"},"environment":"GEN_2","url":"https://us-central1-page-reader-prod.cloudfunctions.net/cleanupExpiredAudio","createTime":"2026-08-31T20:00:23.733353211Z","satisfiesPzi":true},{"name":"projects/page-reader-prod/locations/us-central1/functions/processVideo","buildConfig":{"build":"projects/1099382222092/locations/us-central1/builds/85a3a15a-19a5-404f-bf0b-881f9858a9a1","runtime":"nodejs20","entryPoint":"processVideo","source":{"storageSource":{"bucket":"gcf-v2-sources-1099382222092-us-central1","object":"processVideo/function-source.zip","generation":"1788375471333666"}},"environmentVariables":{"GOOGLE_NODE_RUN_SCRIPTS":""},"dockerRepository":"projects/page-reader-prod/locations/us-central1/repositories/gcf-artifacts","sourceProvenance":{"resolvedStorageSource":{"bucket":"gcf-v2-sources-1099382222092-us-central1","object":"processVideo/function-source.zip","generation":"1788375471333666"}},"dockerRegistry":"ARTIFACT_REGISTRY","serviceAccount":"projects/page-reader-prod/serviceAccounts/1099382222092-compute@developer.gserviceaccount.com","automaticUpdatePolicy":{}},"serviceConfig":{"service":"projects/page-reader-prod/locations/us-central1/services/processvideo","timeoutSeconds":540,"environmentVariables":{"FIREBASE_CONFIG":"{\"projectId\":\"page-reader-prod\",\"storageBucket\":\"page-reader-prod.firebasestorage.app\"}","GCLOUD_PROJECT":"page-reader-prod","EVENTARC_CLOUD_EVENT_SOURCE":"projects/page-reader-prod/locations/us-central1/services/processVideo","FUNCTION_REGION":"us-central1","FUNCTION_TARGET":"processVideo","LOG_EXECUTION_ID":"true"},"maxInstanceCount":20,"ingressSettings":"ALLOW_ALL","uri":"https://processvideo-ahsxcscnjq-uc.a.run.app","serviceAccountEmail":"1099382222092-compute@developer.gserviceaccount.com","availableMemory":"1024Mi","allTrafficOnLatestRevision":true,"secretEnvironmentVariables":[{"key":"GEMINI_API_KEY","projectId":"page-reader-prod","secret":"GEMINI_API_KEY","version":"2"}],"revision":"processvideo-00006-zor","maxInstanceRequestConcurrency":80,"availableCpu":"1"},"state":"ACTIVE","updateTime":"2026-09-02T18:59:04.944572528Z","labels":{"firebase-functions-hash":"9551aa8e78bde5786fcafd906e8ed87625685da9","deployment-tool":"cli-firebase","deployment-callable":"true"},"environment":"GEN_2","url":"https://us-central1-page-reader-prod.cloudfunctions.net/processVideo","createTime":"2026-08-31T19:59:04.896810338Z","satisfiesPzi":true}]}
[info] i  extensions: ensuring required API firebaseextensions.googleapis.com is enabled... 
[debug] [2026-09-09T01:36:33.313Z] > command requires scopes: ["email","openid","https://www.googleapis.com/auth/cloudplatformprojects.readonly","https://www.googleapis.com/auth/firebase","https://www.googleapis.com/auth/cloud-platform"]
[debug] [2026-09-09T01:36:33.313Z] > authorizing via signed-in user (peterson.adam.charles@gmail.com)
[debug] [2026-09-09T01:36:33.313Z] [iam] checking project page-reader-prod for permissions ["firebase.projects.get","firebaseextensions.instances.list"]
[debug] [2026-09-09T01:36:33.314Z] Checked if tokens are valid: true, expires at: 1788921385496
[debug] [2026-09-09T01:36:33.314Z] Checked if tokens are valid: true, expires at: 1788921385496
[debug] [2026-09-09T01:36:33.314Z] >>> [apiv2][query] POST https://cloudresourcemanager.googleapis.com/v1/projects/page-reader-prod:testIamPermissions [none]
[debug] [2026-09-09T01:36:33.314Z] >>> [apiv2][(partial)header] POST https://cloudresourcemanager.googleapis.com/v1/projects/page-reader-prod:testIamPermissions  x-goog-user-project=page-reader-prod
[debug] [2026-09-09T01:36:33.314Z] >>> [apiv2][body] POST https://cloudresourcemanager.googleapis.com/v1/projects/page-reader-prod:testIamPermissions {"permissions":["firebase.projects.get","firebaseextensions.instances.list"]}
[debug] [2026-09-09T01:36:33.495Z] <<< [apiv2][status] POST https://cloudresourcemanager.googleapis.com/v1/projects/page-reader-prod:testIamPermissions 200
[debug] [2026-09-09T01:36:33.495Z] <<< [apiv2][body] POST https://cloudresourcemanager.googleapis.com/v1/projects/page-reader-prod:testIamPermissions {"permissions":["firebase.projects.get","firebaseextensions.instances.list"]}
[debug] [2026-09-09T01:36:33.496Z] Checked if tokens are valid: true, expires at: 1788921385496
[debug] [2026-09-09T01:36:33.496Z] Checked if tokens are valid: true, expires at: 1788921385496
[debug] [2026-09-09T01:36:33.496Z] >>> [apiv2][query] GET https://firebaseextensions.googleapis.com/v1beta/projects/page-reader-prod/instances pageSize=100&pageToken=
[debug] [2026-09-09T01:36:33.862Z] <<< [apiv2][status] GET https://firebaseextensions.googleapis.com/v1beta/projects/page-reader-prod/instances 200
[debug] [2026-09-09T01:36:33.862Z] <<< [apiv2][body] GET https://firebaseextensions.googleapis.com/v1beta/projects/page-reader-prod/instances {}
[debug] [2026-09-09T01:36:33.864Z] Attempting to merge .env secret bindings {} into declared secrets...)}
[debug] [2026-09-09T01:36:33.864Z] processVideo declared secrets: [{"key":"GEMINI_API_KEY","secret":"GEMINI_API_KEY","projectId":"page-reader-prod"}]
[debug] [2026-09-09T01:36:33.865Z] getBookAudio declared secrets: [{"key":"GEMINI_API_KEY","secret":"GEMINI_API_KEY","projectId":"page-reader-prod"}]
[debug] [2026-09-09T01:36:33.865Z] retryProcessing declared secrets: [{"key":"GEMINI_API_KEY","secret":"GEMINI_API_KEY","projectId":"page-reader-prod"}]
[debug] [2026-09-09T01:36:33.865Z] cleanupExpiredAudio declared secrets: undefined
[debug] [2026-09-09T01:36:33.867Z] Checked if tokens are valid: true, expires at: 1788921385496
[debug] [2026-09-09T01:36:33.867Z] Checked if tokens are valid: true, expires at: 1788921385496
[debug] [2026-09-09T01:36:33.867Z] >>> [apiv2][query] GET https://secretmanager.googleapis.com/v1/projects/page-reader-prod/secrets/GEMINI_API_KEY [none]
[debug] [2026-09-09T01:36:34.131Z] <<< [apiv2][status] GET https://secretmanager.googleapis.com/v1/projects/page-reader-prod/secrets/GEMINI_API_KEY 200
[debug] [2026-09-09T01:36:34.131Z] <<< [apiv2][body] GET https://secretmanager.googleapis.com/v1/projects/page-reader-prod/secrets/GEMINI_API_KEY {"name":"projects/1099382222092/secrets/GEMINI_API_KEY","replication":{"automatic":{}},"createTime":"2026-08-30T19:13:20.768190Z","labels":{"firebase-managed":"functions"},"etag":"\"165a487a9477b5\""}
[debug] [2026-09-09T01:36:34.131Z] Checked if tokens are valid: true, expires at: 1788921385496
[debug] [2026-09-09T01:36:34.132Z] Checked if tokens are valid: true, expires at: 1788921385496
[debug] [2026-09-09T01:36:34.132Z] >>> [apiv2][query] GET https://secretmanager.googleapis.com/v1/projects/page-reader-prod/secrets/GEMINI_API_KEY/versions/latest [none]
[debug] [2026-09-09T01:36:34.258Z] <<< [apiv2][status] GET https://secretmanager.googleapis.com/v1/projects/page-reader-prod/secrets/GEMINI_API_KEY/versions/latest 200
[debug] [2026-09-09T01:36:34.259Z] <<< [apiv2][body] GET https://secretmanager.googleapis.com/v1/projects/page-reader-prod/secrets/GEMINI_API_KEY/versions/latest {"name":"projects/1099382222092/secrets/GEMINI_API_KEY/versions/2","createTime":"2026-08-30T19:13:40.718861Z","state":"ENABLED","replicationStatus":{"automatic":{}},"etag":"\"165a487bc1f90d\""}
[info] i  functions: preparing functions directory for uploading... 
[info] i  functions: packaged /Users/adam/source/page-reader/functions (94.83 KB) for uploading 
[info] i  functions: ensuring required API cloudscheduler.googleapis.com is enabled... 
[info] i  functions: ensuring required API run.googleapis.com is enabled... 
[info] i  functions: ensuring required API eventarc.googleapis.com is enabled... 
[info] i  functions: ensuring required API pubsub.googleapis.com is enabled... 
[info] i  functions: ensuring required API storage.googleapis.com is enabled... 
[info] i  functions: generating the service identity for pubsub.googleapis.com... 
[debug] [2026-09-09T01:36:34.307Z] Checked if tokens are valid: true, expires at: 1788921385496
[debug] [2026-09-09T01:36:34.307Z] Checked if tokens are valid: true, expires at: 1788921385496
[info] i  functions: generating the service identity for eventarc.googleapis.com... 
[debug] [2026-09-09T01:36:34.307Z] Checked if tokens are valid: true, expires at: 1788921385496
[debug] [2026-09-09T01:36:34.307Z] Checked if tokens are valid: true, expires at: 1788921385496
[debug] [2026-09-09T01:36:34.307Z] >>> [apiv2][query] POST https://serviceusage.googleapis.com/v1beta1/projects/1099382222092/services/pubsub.googleapis.com:generateServiceIdentity [none]
[debug] [2026-09-09T01:36:34.307Z] >>> [apiv2][(partial)header] POST https://serviceusage.googleapis.com/v1beta1/projects/1099382222092/services/pubsub.googleapis.com:generateServiceIdentity  x-goog-user-project=1099382222092
[debug] [2026-09-09T01:36:34.307Z] >>> [apiv2][body] POST https://serviceusage.googleapis.com/v1beta1/projects/1099382222092/services/pubsub.googleapis.com:generateServiceIdentity {}
[debug] [2026-09-09T01:36:34.307Z] >>> [apiv2][query] POST https://serviceusage.googleapis.com/v1beta1/projects/1099382222092/services/eventarc.googleapis.com:generateServiceIdentity [none]
[debug] [2026-09-09T01:36:34.307Z] >>> [apiv2][(partial)header] POST https://serviceusage.googleapis.com/v1beta1/projects/1099382222092/services/eventarc.googleapis.com:generateServiceIdentity  x-goog-user-project=1099382222092
[debug] [2026-09-09T01:36:34.307Z] >>> [apiv2][body] POST https://serviceusage.googleapis.com/v1beta1/projects/1099382222092/services/eventarc.googleapis.com:generateServiceIdentity {}
[debug] [2026-09-09T01:36:34.847Z] <<< [apiv2][status] POST https://serviceusage.googleapis.com/v1beta1/projects/1099382222092/services/eventarc.googleapis.com:generateServiceIdentity 200
[debug] [2026-09-09T01:36:34.847Z] <<< [apiv2][body] POST https://serviceusage.googleapis.com/v1beta1/projects/1099382222092/services/eventarc.googleapis.com:generateServiceIdentity {"name":"operations/finished.DONE_OPERATION","done":true,"response":{"@type":"type.googleapis.com/google.api.serviceusage.v1beta1.ServiceIdentity","email":"service-1099382222092@gcp-sa-eventarc.iam.gserviceaccount.com","uniqueId":"112512959398533391264"}}
[debug] [2026-09-09T01:36:34.848Z] <<< [apiv2][status] POST https://serviceusage.googleapis.com/v1beta1/projects/1099382222092/services/pubsub.googleapis.com:generateServiceIdentity 200
[debug] [2026-09-09T01:36:34.849Z] <<< [apiv2][body] POST https://serviceusage.googleapis.com/v1beta1/projects/1099382222092/services/pubsub.googleapis.com:generateServiceIdentity {"name":"operations/finished.DONE_OPERATION","done":true,"response":{"@type":"type.googleapis.com/google.api.serviceusage.v1beta1.ServiceIdentity","email":"service-1099382222092@gcp-sa-pubsub.iam.gserviceaccount.com","uniqueId":"115842820664705037205"}}
[info] i  functions: ensuring required API secretmanager.googleapis.com is enabled... 
[debug] [2026-09-09T01:36:34.851Z] Checked if tokens are valid: true, expires at: 1788921385496
[debug] [2026-09-09T01:36:34.851Z] Checked if tokens are valid: true, expires at: 1788921385496
[debug] [2026-09-09T01:36:34.852Z] >>> [apiv2][query] GET https://secretmanager.googleapis.com/v1/projects/page-reader-prod/secrets/GEMINI_API_KEY/versions/latest [none]
[debug] [2026-09-09T01:36:34.980Z] <<< [apiv2][status] GET https://secretmanager.googleapis.com/v1/projects/page-reader-prod/secrets/GEMINI_API_KEY/versions/latest 200
[debug] [2026-09-09T01:36:34.980Z] <<< [apiv2][body] GET https://secretmanager.googleapis.com/v1/projects/page-reader-prod/secrets/GEMINI_API_KEY/versions/latest {"name":"projects/1099382222092/secrets/GEMINI_API_KEY/versions/2","createTime":"2026-08-30T19:13:40.718861Z","state":"ENABLED","replicationStatus":{"automatic":{}},"etag":"\"165a487bc1f90d\""}
[debug] [2026-09-09T01:36:34.981Z] Resolved latest secret version of GEMINI_API_KEY to 2.
[debug] [2026-09-09T01:36:34.984Z] Checked if tokens are valid: true, expires at: 1788921385496
[debug] [2026-09-09T01:36:34.984Z] Checked if tokens are valid: true, expires at: 1788921385496
[debug] [2026-09-09T01:36:34.984Z] >>> [apiv2][query] GET https://cloudbilling.googleapis.com/v1/projects/page-reader-prod/billingInfo [none]
[debug] [2026-09-09T01:36:34.984Z] >>> [apiv2][(partial)header] GET https://cloudbilling.googleapis.com/v1/projects/page-reader-prod/billingInfo  x-goog-user-project=page-reader-prod
[debug] [2026-09-09T01:36:35.239Z] <<< [apiv2][status] GET https://cloudbilling.googleapis.com/v1/projects/page-reader-prod/billingInfo 200
[debug] [2026-09-09T01:36:35.239Z] <<< [apiv2][body] GET https://cloudbilling.googleapis.com/v1/projects/page-reader-prod/billingInfo {"name":"projects/page-reader-prod/billingInfo","projectId":"page-reader-prod","billingAccountName":"billingAccounts/01E40B-AB15E3-53D05F","billingEnabled":true}
[debug] [2026-09-09T01:36:35.240Z] Checked if tokens are valid: true, expires at: 1788921385496
[debug] [2026-09-09T01:36:35.240Z] Checked if tokens are valid: true, expires at: 1788921385496
[debug] [2026-09-09T01:36:35.240Z] >>> [apiv2][query] POST https://cloudfunctions.googleapis.com/v2/projects/page-reader-prod/locations/us-central1/functions:generateUploadUrl [none]
[debug] [2026-09-09T01:36:35.428Z] <<< [apiv2][status] POST https://cloudfunctions.googleapis.com/v2/projects/page-reader-prod/locations/us-central1/functions:generateUploadUrl 200
[debug] [2026-09-09T01:36:35.428Z] <<< [apiv2][body] POST https://cloudfunctions.googleapis.com/v2/projects/page-reader-prod/locations/us-central1/functions:generateUploadUrl {"uploadUrl":"https://storage.googleapis.com/gcf-v2-uploads-1099382222092.us-central1.cloudfunctions.appspot.com/a3dc7a90-4c2e-448a-87cf-597ef72d8860.zip?GoogleAccessId=service-1099382222092@gcf-admin-robot.iam.gserviceaccount.com&Expires=1788919595&Signature=VbwleQ1F1vsPhnmvK%2F5qT4JCXW9uK0u3cYk2zt5IFUqAQRCh0c%2FnN3oZGX6P36sBbQeOBPXm8Lu5brXCJhoXstdrlmhc7TOO6ajbhMFnFkR%2BI350bZe4X1O5Ff8Y%2F3IOTrmV4QChN7M7RqMwGTviDJB9YT%2B53%2FHzofQouXBJT1JHdLDB5djQUxU1gmNmJROIwfJT7HEQsy9QIGrkCwSu%2BbafVcMhs4AMXiTDZ4JGZhh4VFiPRFlWYS%2Fn0dudcuaIZ0MhoHTVnqgdQr%2BE2MVbmJXvZtxtM90biTW2Gwlojr81dcfSgRFdQTulETQXGRscf8kTuXCua0CPr9OjJPE4pQ%3D%3D","storageSource":{"bucket":"gcf-v2-uploads-1099382222092.us-central1.cloudfunctions.appspot.com","object":"a3dc7a90-4c2e-448a-87cf-597ef72d8860.zip"}}
[debug] [2026-09-09T01:36:35.429Z] >>> [apiv2][query] PUT https://storage.googleapis.com/gcf-v2-uploads-1099382222092.us-central1.cloudfunctions.appspot.com/a3dc7a90-4c2e-448a-87cf-597ef72d8860.zip GoogleAccessId=service-1099382222092%40gcf-admin-robot.iam.gserviceaccount.com&Expires=1788919595&Signature=VbwleQ1F1vsPhnmvK%2F5qT4JCXW9uK0u3cYk2zt5IFUqAQRCh0c%2FnN3oZGX6P36sBbQeOBPXm8Lu5brXCJhoXstdrlmhc7TOO6ajbhMFnFkR%2BI350bZe4X1O5Ff8Y%2F3IOTrmV4QChN7M7RqMwGTviDJB9YT%2B53%2FHzofQouXBJT1JHdLDB5djQUxU1gmNmJROIwfJT7HEQsy9QIGrkCwSu%2BbafVcMhs4AMXiTDZ4JGZhh4VFiPRFlWYS%2Fn0dudcuaIZ0MhoHTVnqgdQr%2BE2MVbmJXvZtxtM90biTW2Gwlojr81dcfSgRFdQTulETQXGRscf8kTuXCua0CPr9OjJPE4pQ%3D%3D
[debug] [2026-09-09T01:36:35.429Z] >>> [apiv2][body] PUT https://storage.googleapis.com/gcf-v2-uploads-1099382222092.us-central1.cloudfunctions.appspot.com/a3dc7a90-4c2e-448a-87cf-597ef72d8860.zip [stream]
[debug] [2026-09-09T01:36:35.688Z] <<< [apiv2][status] PUT https://storage.googleapis.com/gcf-v2-uploads-1099382222092.us-central1.cloudfunctions.appspot.com/a3dc7a90-4c2e-448a-87cf-597ef72d8860.zip 200
[debug] [2026-09-09T01:36:35.688Z] <<< [apiv2][body] PUT https://storage.googleapis.com/gcf-v2-uploads-1099382222092.us-central1.cloudfunctions.appspot.com/a3dc7a90-4c2e-448a-87cf-597ef72d8860.zip [omitted]
[info] ✔  functions: functions source uploaded successfully 
[debug] [2026-09-09T01:36:35.690Z] Checked if tokens are valid: true, expires at: 1788921385496
[debug] [2026-09-09T01:36:35.690Z] Checked if tokens are valid: true, expires at: 1788921385496
[debug] [2026-09-09T01:36:35.690Z] >>> [apiv2][query] GET https://cloudresourcemanager.googleapis.com/v1/projects/page-reader-prod [none]
[debug] [2026-09-09T01:36:35.800Z] <<< [apiv2][status] GET https://cloudresourcemanager.googleapis.com/v1/projects/page-reader-prod 200
[debug] [2026-09-09T01:36:35.800Z] <<< [apiv2][body] GET https://cloudresourcemanager.googleapis.com/v1/projects/page-reader-prod {"projectNumber":"1099382222092","projectId":"page-reader-prod","lifecycleState":"ACTIVE","name":"page-reader-prod","labels":{"firebase":"enabled","firebase-core":"disabled"},"createTime":"2026-08-30T18:25:28.439Z"}
[debug] [2026-09-09T01:36:35.800Z] Checked if tokens are valid: true, expires at: 1788921385496
[debug] [2026-09-09T01:36:35.800Z] Checked if tokens are valid: true, expires at: 1788921385496
[debug] [2026-09-09T01:36:35.801Z] >>> [apiv2][query] GET https://compute.googleapis.com/compute/v1/projects/1099382222092 [none]
[debug] [2026-09-09T01:36:36.071Z] <<< [apiv2][status] GET https://compute.googleapis.com/compute/v1/projects/1099382222092 403
[debug] [2026-09-09T01:36:36.071Z] <<< [apiv2][body] GET https://compute.googleapis.com/compute/v1/projects/1099382222092 {"error":{"code":403,"message":"Compute Engine API has not been used in project 1099382222092 before or it is disabled. Enable it by visiting https://console.developers.google.com/apis/api/compute.googleapis.com/overview?project=1099382222092 then retry. If you enabled this API recently, wait a few minutes for the action to propagate to our systems and retry.","errors":[{"message":"Compute Engine API has not been used in project 1099382222092 before or it is disabled. Enable it by visiting https://console.developers.google.com/apis/api/compute.googleapis.com/overview?project=1099382222092 then retry. If you enabled this API recently, wait a few minutes for the action to propagate to our systems and retry.","domain":"usageLimits","reason":"accessNotConfigured","extendedHelp":"https://console.developers.google.com"}],"status":"PERMISSION_DENIED","details":[{"@type":"type.googleapis.com/google.rpc.ErrorInfo","reason":"SERVICE_DISABLED","domain":"googleapis.com","metadata":{"serviceTitle":"Compute Engine API","containerInfo":"1099382222092","activationUrl":"https://console.developers.google.com/apis/api/compute.googleapis.com/overview?project=1099382222092","service":"compute.googleapis.com","consumer":"projects/1099382222092"}},{"@type":"type.googleapis.com/google.rpc.LocalizedMessage","locale":"en-US","message":"Compute Engine API has not been used in project 1099382222092 before or it is disabled. Enable it by visiting https://console.developers.google.com/apis/api/compute.googleapis.com/overview?project=1099382222092 then retry. If you enabled this API recently, wait a few minutes for the action to propagate to our systems and retry."},{"@type":"type.googleapis.com/google.rpc.Help","links":[{"description":"Google developers console API activation","url":"https://console.developers.google.com/apis/api/compute.googleapis.com/overview?project=1099382222092"}]}]}}
[debug] [2026-09-09T01:36:36.072Z] unable to look up default compute service account. Falling back to 1099382222092-compute@developer.gserviceaccount.com. Error: {"name":"FirebaseError","children":[],"context":{"body":{"error":{"code":403,"message":"Compute Engine API has not been used in project 1099382222092 before or it is disabled. Enable it by visiting https://console.developers.google.com/apis/api/compute.googleapis.com/overview?project=1099382222092 then retry. If you enabled this API recently, wait a few minutes for the action to propagate to our systems and retry.","errors":[{"message":"Compute Engine API has not been used in project 1099382222092 before or it is disabled. Enable it by visiting https://console.developers.google.com/apis/api/compute.googleapis.com/overview?project=1099382222092 then retry. If you enabled this API recently, wait a few minutes for the action to propagate to our systems and retry.","domain":"usageLimits","reason":"accessNotConfigured","extendedHelp":"https://console.developers.google.com"}],"status":"PERMISSION_DENIED","details":[{"@type":"type.googleapis.com/google.rpc.ErrorInfo","reason":"SERVICE_DISABLED","domain":"googleapis.com","metadata":{"serviceTitle":"Compute Engine API","containerInfo":"1099382222092","activationUrl":"https://console.developers.google.com/apis/api/compute.googleapis.com/overview?project=1099382222092","service":"compute.googleapis.com","consumer":"projects/1099382222092"}},{"@type":"type.googleapis.com/google.rpc.LocalizedMessage","locale":"en-US","message":"Compute Engine API has not been used in project 1099382222092 before or it is disabled. Enable it by visiting https://console.developers.google.com/apis/api/compute.googleapis.com/overview?project=1099382222092 then retry. If you enabled this API recently, wait a few minutes for the action to propagate to our systems and retry."},{"@type":"type.googleapis.com/google.rpc.Help","links":[{"description":"Google developers console API activation","url":"https://console.developers.google.com/apis/api/compute.googleapis.com/overview?project=1099382222092"}]}]}},"response":{"statusCode":403}},"exit":1,"message":"Request to https://compute.googleapis.com/compute/v1/projects/1099382222092 had HTTP Error: 403, Compute Engine API has not been used in project 1099382222092 before or it is disabled. Enable it by visiting https://console.developers.google.com/apis/api/compute.googleapis.com/overview?project=1099382222092 then retry. If you enabled this API recently, wait a few minutes for the action to propagate to our systems and retry.","status":403}
[info] i  functions: updating Node.js 20 (2nd Gen) function processVideo(us-central1)... 
[debug] [2026-09-09T01:36:36.074Z] Checked if tokens are valid: true, expires at: 1788921385496
[debug] [2026-09-09T01:36:36.075Z] Checked if tokens are valid: true, expires at: 1788921385496
[debug] [2026-09-09T01:36:36.075Z] >>> [apiv2][query] PATCH https://cloudfunctions.googleapis.com/v2/projects/page-reader-prod/locations/us-central1/functions/processVideo updateMask=name%2CbuildConfig.runtime%2CbuildConfig.entryPoint%2CbuildConfig.source.storageSource.bucket%2CbuildConfig.source.storageSource.object%2CbuildConfig.environmentVariables%2CbuildConfig.sourceToken%2CserviceConfig.environmentVariables%2CserviceConfig.secretEnvironmentVariables%2CserviceConfig.ingressSettings%2CserviceConfig.timeoutSeconds%2CserviceConfig.serviceAccountEmail%2CserviceConfig.availableMemory%2CserviceConfig.minInstanceCount%2CserviceConfig.maxInstanceCount%2CserviceConfig.maxInstanceRequestConcurrency%2CserviceConfig.availableCpu%2CserviceConfig.vpcConnector%2CserviceConfig.vpcConnectorEgressSettings%2CserviceConfig.directVpcNetworkInterface%2CserviceConfig.directVpcEgress%2Clabels
[debug] [2026-09-09T01:36:36.075Z] >>> [apiv2][body] PATCH https://cloudfunctions.googleapis.com/v2/projects/page-reader-prod/locations/us-central1/functions/processVideo {"name":"projects/page-reader-prod/locations/us-central1/functions/processVideo","buildConfig":{"runtime":"nodejs20","entryPoint":"processVideo","source":{"storageSource":{"bucket":"gcf-v2-uploads-1099382222092.us-central1.cloudfunctions.appspot.com","object":"a3dc7a90-4c2e-448a-87cf-597ef72d8860.zip"}},"environmentVariables":{"GOOGLE_NODE_RUN_SCRIPTS":""}},"serviceConfig":{"environmentVariables":{"FIREBASE_CONFIG":"{\"projectId\":\"page-reader-prod\",\"storageBucket\":\"page-reader-prod.firebasestorage.app\"}","GCLOUD_PROJECT":"page-reader-prod","EVENTARC_CLOUD_EVENT_SOURCE":"projects/page-reader-prod/locations/us-central1/services/processVideo","FUNCTION_REGION":"us-central1","FUNCTION_TARGET":"processVideo","LOG_EXECUTION_ID":"true"},"secretEnvironmentVariables":[{"key":"GEMINI_API_KEY","secret":"GEMINI_API_KEY","projectId":"page-reader-prod","version":"2"}],"ingressSettings":null,"timeoutSeconds":540,"serviceAccountEmail":null,"availableMemory":"1024Mi","minInstanceCount":null,"maxInstanceCount":null,"maxInstanceRequestConcurrency":80,"availableCpu":"1","vpcConnector":null,"vpcConnectorEgressSettings":null,"directVpcNetworkInterface":null,"directVpcEgress":null},"labels":{"deployment-tool":"cli-firebase","deployment-callable":"true","firebase-functions-hash":"7335b64fcb47b47079cd3f6a39d1e5652425b0f6"}}
